../Core/Src/main.c:96:5:main	8	static
../Core/Src/main.c:151:6:SystemClock_Config	88	static
../Core/Src/main.c:198:13:MX_ADC1_Init	24	static
../Core/Src/main.c:250:13:MX_TIM3_Init	32	static
../Core/Src/main.c:295:13:MX_USART2_UART_Init	8	static
../Core/Src/main.c:326:13:MX_DMA_Init	16	static
../Core/Src/main.c:344:13:MX_GPIO_Init	48	static
../Core/Src/main.c:416:6:KEYDEG	8	static
../Core/Src/main.c:543:6:ButtonMatrixRead	16	static
../Core/Src/main.c:580:6:HAL_GPIO_EXTI_Callback	16	static
../Core/Src/main.c:596:6:Error_Handler	4	static,ignoring_inline_asm
